// Jest Snapshot v1, https://goo.gl/fbAQLP

exports[`render Likes component matches snapshot 1`] = `
<DocumentFragment>
  <div
    class="MyPosts container"
  >
    <h3
      class="my-4"
    >
      My Posts: 
    </h3>
    <hr />
    <div
      class="NotFound"
    >
      <div
        class="alert alert-secondary w-75 mx-auto mt-5 p-5"
        role="alert"
      >
        No posts yet!
      </div>
    </div>
  </div>
</DocumentFragment>
`;
